// Jest Snapshot v1, https://goo.gl/fbAQLP

exports[`Coin Card Component component match with the snapshot 1`] = `
<a
  className="link"
  href="/coin/undefined"
  onClick={[Function]}
>
  <li
    className="coin"
  >
    <img
      className="coinImage"
    />
    <h2
      className="coinName"
    >
      <br />
    </h2>
    <p
      className="coinPrice"
    >
      price:
      $
    </p>
  </li>
</a>
`;
